// Vitest Snapshot v1, https://vitest.dev/guide/snapshot.html

exports[`QuoteCard > renders the quote card 1`] = `
<div
  class="cmp-card quote-card"
  data-v-74e1d4f6=""
>
  <h2
    class="elm-headline"
    data-v-74e1d4f6=""
  >
    Quote 1
  </h2>
  <p
    data-v-74e1d4f6=""
  >
    A great quote.
  </p>
  <div
    class="btn-group"
    data-v-74e1d4f6=""
  >
    <router-link-stub
      class="elm-button"
      data-icon-after="arrow-forward"
      data-size="small"
      data-v-74e1d4f6=""
      data-variant="secondary-outline"
      to="[object Object]"
      type="button"
    />
    <router-link-stub
      class="elm-button is-icon-text-replace"
      data-icon-after="edit"
      data-size="small"
      data-v-74e1d4f6=""
      data-variant="tertiary-plain"
      to="[object Object]"
      type="button"
    />
  </div>
</div>
`;
