// Vitest Snapshot v1, https://vitest.dev/guide/snapshot.html

exports[`QuoteForm > renders the quote form 1`] = `
<form
  data-v-a4dd84cc=""
>
  <div
    class="row"
    data-v-a4dd84cc=""
  >
    <div
      data-v-a4dd84cc=""
    >
      <app-input-stub
        data-v-a4dd84cc=""
        id="title"
        invalid="false"
        modelvalue="Quote 1"
        placeholder="form.title.placeholder"
        title="form.title.title"
      />
    </div>
    <div
      data-v-a4dd84cc=""
    >
      <app-input-stub
        data-v-a4dd84cc=""
        id="author"
        invalid="false"
        modelvalue="John Doe"
        placeholder="form.author.placeholder"
        title="form.author.title"
      />
    </div>
  </div>
  <app-textarea-stub
    data-v-a4dd84cc=""
    id="body"
    invalid="false"
    max="5000"
    modelvalue="A great quote."
    placeholder=""
    title="form.body.title"
  />
  <app-textarea-stub
    data-v-a4dd84cc=""
    id="notes"
    invalid="false"
    modelvalue="A short note"
    placeholder=""
    title="form.notes.title"
  />
  <div
    class="btn-group"
    data-v-a4dd84cc=""
  >
    <button
      class="elm-button"
      data-icon="save"
      data-v-a4dd84cc=""
      data-variant="primary"
      type="button"
    >
      form.save
    </button>
    <router-link-stub
      class="elm-button"
      data-icon="cancel"
      data-v-a4dd84cc=""
      data-variant="secondary"
      to="[object Object]"
      type="button"
    />
  </div>
</form>
`;
